0 verbose cli /usr/local/Cellar/node/26.0.0/bin/node /usr/local/bin/npm
1 info using npm@11.12.1
2 info using node@v26.0.0
3 silly config load:file:/usr/local/lib/node_modules/npm/npmrc
4 silly config load:file:/Users/ahmede/Desktop/urlf-up/.npmrc
5 silly config load:file:/Users/ahmede/.npmrc
6 silly config load:file:/usr/local/etc/npmrc
7 verbose title npm install lenis
8 verbose argv "install" "lenis" "--cache" "./.npm-cache"
9 verbose logfile logs-max:10 dir:/Users/ahmede/Desktop/urlf-up/.npm-cache/_logs/2026-05-18T21_04_09_625Z-
10 verbose logfile /Users/ahmede/Desktop/urlf-up/.npm-cache/_logs/2026-05-18T21_04_09_625Z-debug-0.log
11 silly logfile done cleaning log files
12 silly packumentCache heap:4395630592 maxSize:1098907648 maxEntrySize:549453824
13 verbose shrinkwrap failed to load node_modules/.package-lock.json out of date, updated: node_modules
14 silly idealTree buildDeps
15 silly fetch manifest lenis@*
16 silly packumentCache full:https://registry.npmjs.org/lenis cache-miss
17 http fetch GET 200 https://registry.npmjs.org/npm 555ms
18 http fetch GET 200 https://registry.npmjs.org/lenis 570ms (cache miss)
19 silly packumentCache full:https://registry.npmjs.org/lenis set size:undefined disposed:false
20 silly fetch manifest @nuxt/kit@>=3.0.0
21 silly packumentCache full:https://registry.npmjs.org/@nuxt%2fkit cache-miss
22 http fetch GET 200 https://registry.npmjs.org/@nuxt%2fkit 647ms (cache miss)
23 silly packumentCache full:https://registry.npmjs.org/@nuxt%2fkit set size:undefined disposed:false
24 silly fetch manifest react@^19.2.6
25 silly packumentCache full:https://registry.npmjs.org/react cache-miss
26 http fetch GET 200 https://registry.npmjs.org/react 515ms (cache miss)
27 silly packumentCache full:https://registry.npmjs.org/react set size:undefined disposed:false
28 silly fetch manifest vue@>=3.0.0
29 silly packumentCache full:https://registry.npmjs.org/vue cache-miss
30 http fetch GET 200 https://registry.npmjs.org/vue 202ms (cache miss)
31 silly packumentCache full:https://registry.npmjs.org/vue set size:undefined disposed:false
32 silly fetch manifest typescript@^6.0.3
33 silly packumentCache full:https://registry.npmjs.org/typescript cache-miss
34 http fetch GET 200 https://registry.npmjs.org/typescript 649ms (cache miss)
35 silly packumentCache full:https://registry.npmjs.org/typescript set size:undefined disposed:false
36 silly placeDep ROOT lenis@1.3.23 OK for: urlf-up@1.0.0 want: *
37 silly reify moves {}
38 silly audit bulk request {
38 silly audit   '@babel/code-frame': [ '7.29.0' ],
38 silly audit   '@babel/compat-data': [ '7.29.3' ],
38 silly audit   '@babel/core': [ '7.29.0' ],
38 silly audit   semver: [ '6.3.1', '7.8.0' ],
38 silly audit   '@babel/generator': [ '7.29.1' ],
38 silly audit   '@babel/helper-compilation-targets': [ '7.28.6' ],
38 silly audit   'lru-cache': [ '5.1.1', '11.3.6' ],
38 silly audit   yallist: [ '3.1.1', '5.0.0' ],
38 silly audit   '@babel/helper-globals': [ '7.28.0' ],
38 silly audit   '@babel/helper-module-imports': [ '7.28.6' ],
38 silly audit   '@babel/helper-module-transforms': [ '7.28.6' ],
38 silly audit   '@babel/helper-plugin-utils': [ '7.28.6' ],
38 silly audit   '@babel/helper-string-parser': [ '7.27.1' ],
38 silly audit   '@babel/helper-validator-identifier': [ '7.28.5' ],
38 silly audit   '@babel/helper-validator-option': [ '7.27.1' ],
38 silly audit   '@babel/helpers': [ '7.29.2' ],
38 silly audit   '@babel/parser': [ '7.29.3' ],
38 silly audit   '@babel/plugin-transform-react-jsx-self': [ '7.27.1' ],
38 silly audit   '@babel/plugin-transform-react-jsx-source': [ '7.27.1' ],
38 silly audit   '@babel/runtime': [ '7.29.2' ],
38 silly audit   '@babel/template': [ '7.28.6' ],
38 silly audit   '@babel/traverse': [ '7.29.0' ],
38 silly audit   '@babel/types': [ '7.29.0' ],
38 silly audit   '@capacitor/android': [ '7.6.5' ],
38 silly audit   '@capacitor/cli': [ '7.6.5' ],
38 silly audit   '@capacitor/core': [ '7.6.5' ],
38 silly audit   '@capacitor/ios': [ '7.6.5' ],
38 silly audit   '@dimforge/rapier3d-compat': [ '0.12.0' ],
38 silly audit   '@esbuild/aix-ppc64': [ '0.25.12' ],
38 silly audit   '@esbuild/android-arm': [ '0.25.12' ],
38 silly audit   '@esbuild/android-arm64': [ '0.25.12' ],
38 silly audit   '@esbuild/android-x64': [ '0.25.12' ],
38 silly audit   '@esbuild/darwin-arm64': [ '0.25.12' ],
38 silly audit   '@esbuild/darwin-x64': [ '0.25.12' ],
38 silly audit   '@esbuild/freebsd-arm64': [ '0.25.12' ],
38 silly audit   '@esbuild/freebsd-x64': [ '0.25.12' ],
38 silly audit   '@esbuild/linux-arm': [ '0.25.12' ],
38 silly audit   '@esbuild/linux-arm64': [ '0.25.12' ],
38 silly audit   '@esbuild/linux-ia32': [ '0.25.12' ],
38 silly audit   '@esbuild/linux-loong64': [ '0.25.12' ],
38 silly audit   '@esbuild/linux-mips64el': [ '0.25.12' ],
38 silly audit   '@esbuild/linux-ppc64': [ '0.25.12' ],
38 silly audit   '@esbuild/linux-riscv64': [ '0.25.12' ],
38 silly audit   '@esbuild/linux-s390x': [ '0.25.12' ],
38 silly audit   '@esbuild/linux-x64': [ '0.25.12' ],
38 silly audit   '@esbuild/netbsd-arm64': [ '0.25.12' ],
38 silly audit   '@esbuild/netbsd-x64': [ '0.25.12' ],
38 silly audit   '@esbuild/openbsd-arm64': [ '0.25.12' ],
38 silly audit   '@esbuild/openbsd-x64': [ '0.25.12' ],
38 silly audit   '@esbuild/openharmony-arm64': [ '0.25.12' ],
38 silly audit   '@esbuild/sunos-x64': [ '0.25.12' ],
38 silly audit   '@esbuild/win32-arm64': [ '0.25.12' ],
38 silly audit   '@esbuild/win32-ia32': [ '0.25.12' ],
38 silly audit   '@esbuild/win32-x64': [ '0.25.12' ],
38 silly audit   '@ionic/cli-framework-output': [ '2.2.8' ],
38 silly audit   '@ionic/utils-array': [ '2.1.6' ],
38 silly audit   '@ionic/utils-fs': [ '3.1.7' ],
38 silly audit   'fs-extra': [ '9.1.0', '11.3.5' ],
38 silly audit   '@ionic/utils-object': [ '2.1.6' ],
38 silly audit   '@ionic/utils-process': [ '2.1.12' ],
38 silly audit   '@ionic/utils-stream': [ '3.1.7' ],
38 silly audit   '@ionic/utils-subprocess': [ '3.0.1' ],
38 silly audit   '@ionic/utils-terminal': [ '2.3.5' ],
38 silly audit   '@isaacs/fs-minipass': [ '4.0.1' ],
38 silly audit   '@jridgewell/gen-mapping': [ '0.3.13' ],
38 silly audit   '@jridgewell/remapping': [ '2.3.5' ],
38 silly audit   '@jridgewell/resolve-uri': [ '3.1.2' ],
38 silly audit   '@jridgewell/sourcemap-codec': [ '1.5.5' ],
38 silly audit   '@jridgewell/trace-mapping': [ '0.3.31' ],
38 silly audit   '@mediapipe/tasks-vision': [ '0.10.17' ],
38 silly audit   '@monogrid/gainmap-js': [ '3.4.0' ],
38 silly audit   '@react-three/drei': [ '10.7.7' ],
38 silly audit   '@react-three/fiber': [ '9.6.1' ],
38 silly audit   '@rollup/rollup-android-arm-eabi': [ '4.60.4' ],
38 silly audit   '@rollup/rollup-android-arm64': [ '4.60.4' ],
38 silly audit   '@rollup/rollup-darwin-arm64': [ '4.60.4' ],
38 silly audit   '@rollup/rollup-darwin-x64': [ '4.60.4' ],
38 silly audit   '@rollup/rollup-freebsd-arm64': [ '4.60.4' ],
38 silly audit   '@rollup/rollup-freebsd-x64': [ '4.60.4' ],
38 silly audit   '@rollup/rollup-linux-arm-gnueabihf': [ '4.60.4' ],
38 silly audit   '@rollup/rollup-linux-arm-musleabihf': [ '4.60.4' ],
38 silly audit   '@rollup/rollup-linux-arm64-gnu': [ '4.60.4' ],
38 silly audit   '@rollup/rollup-linux-arm64-musl': [ '4.60.4' ],
38 silly audit   '@rollup/rollup-linux-loong64-gnu': [ '4.60.4' ],
38 silly audit   '@rollup/rollup-linux-loong64-musl': [ '4.60.4' ],
38 silly audit   '@rollup/rollup-linux-ppc64-gnu': [ '4.60.4' ],
38 silly audit   '@rollup/rollup-linux-ppc64-musl': [ '4.60.4' ],
38 silly audit   '@rollup/rollup-linux-riscv64-gnu': [ '4.60.4' ],
38 silly audit   '@rollup/rollup-linux-riscv64-musl': [ '4.60.4' ],
38 silly audit   '@rollup/rollup-linux-s390x-gnu': [ '4.60.4' ],
38 silly audit   '@rollup/rollup-linux-x64-gnu': [ '4.60.4' ],
38 silly audit   '@rollup/rollup-linux-x64-musl': [ '4.60.4' ],
38 silly audit   '@rollup/rollup-openbsd-x64': [ '4.60.4' ],
38 silly audit   '@rollup/rollup-openharmony-arm64': [ '4.60.4' ],
38 silly audit   '@rollup/rollup-win32-arm64-msvc': [ '4.60.4' ],
38 silly audit   '@rollup/rollup-win32-ia32-msvc': [ '4.60.4' ],
38 silly audit   '@rollup/rollup-win32-x64-gnu': [ '4.60.4' ],
38 silly audit   '@rollup/rollup-win32-x64-msvc': [ '4.60.4' ],
38 silly audit   '@supabase/auth-js': [ '2.105.4' ],
38 silly audit   '@supabase/functions-js': [ '2.105.4' ],
38 silly audit   '@supabase/phoenix': [ '0.4.2' ],
38 silly audit   '@supabase/postgrest-js': [ '2.105.4' ],
38 silly audit   '@supabase/realtime-js': [ '2.105.4' ],
38 silly audit   '@supabase/storage-js': [ '2.105.4' ],
38 silly audit   '@supabase/supabase-js': [ '2.105.4' ],
38 silly audit   '@tweenjs/tween.js': [ '23.1.3' ],
38 silly audit   '@types/babel__core': [ '7.20.5' ],
38 silly audit   '@types/babel__generator': [ '7.27.0' ],
38 silly audit   '@types/babel__template': [ '7.4.4' ],
38 silly audit   '@types/babel__traverse': [ '7.28.0' ],
38 silly audit   '@types/draco3d': [ '1.4.10' ],
38 silly audit   '@types/estree': [ '1.0.8' ],
38 silly audit   '@types/fs-extra': [ '8.1.5' ],
38 silly audit   '@types/node': [ '25.8.0' ],
38 silly audit   '@types/offscreencanvas': [ '2019.7.3' ],
38 silly audit   '@types/react': [ '19.2.14' ],
38 silly audit   '@types/react-reconciler': [ '0.28.9' ],
38 silly audit   '@types/slice-ansi': [ '4.0.0' ],
38 silly audit   '@types/stats.js': [ '0.17.4' ],
38 silly audit   '@types/three': [ '0.184.1' ],
38 silly audit   '@types/webxr': [ '0.5.24' ],
38 silly audit   '@use-gesture/core': [ '10.3.1' ],
38 silly audit   '@use-gesture/react': [ '10.3.1' ],
38 silly audit   '@vitejs/plugin-react': [ '4.3.4' ],
38 silly audit   '@xmldom/xmldom': [ '0.9.10' ],
38 silly audit   'ansi-regex': [ '5.0.1' ],
38 silly audit   'ansi-styles': [ '4.3.0' ],
38 silly audit   'astral-regex': [ '2.0.0' ],
38 silly audit   'at-least-node': [ '1.0.0' ],
38 silly audit   'balanced-match': [ '4.0.4' ],
38 silly audit   'base64-js': [ '1.5.1' ],
38 silly audit   'baseline-browser-mapping': [ '2.10.31' ],
38 silly audit   'bidi-js': [ '1.0.3' ],
38 silly audit   'big-integer': [ '1.6.52' ],
38 silly audit   'bplist-parser': [ '0.3.2' ],
38 silly audit   'brace-expansion': [ '5.0.6' ],
38 silly audit   browserslist: [ '4.28.2' ],
38 silly audit   buffer: [ '6.0.3' ],
38 silly audit   'buffer-crc32': [ '0.2.13' ],
38 silly audit   'camera-controls': [ '3.1.2' ],
38 silly audit   'caniuse-lite': [ '1.0.30001793' ],
38 silly audit   chownr: [ '3.0.0' ],
38 silly audit   'color-convert': [ '2.0.1' ],
38 silly audit   'color-name': [ '1.1.4' ],
38 silly audit   commander: [ '12.1.0' ],
38 silly audit   'convert-source-map': [ '2.0.0' ],
38 silly audit   'cross-env': [ '7.0.3' ],
38 silly audit   'cross-spawn': [ '7.0.6' ],
38 silly audit   csstype: [ '3.2.3' ],
38 silly audit   debug: [ '4.4.3' ],
38 silly audit   'define-lazy-prop': [ '2.0.0' ],
38 silly audit   'detect-gpu': [ '5.0.70' ],
38 silly audit   draco3d: [ '1.5.7' ],
38 silly audit   'electron-to-chromium': [ '1.5.357' ],
38 silly audit   elementtree: [ '0.1.7' ],
38 silly audit   'emoji-regex': [ '8.0.0' ],
38 silly audit   'env-paths': [ '2.2.1' ],
38 silly audit   esbuild: [ '0.25.12' ],
38 silly audit   escalade: [ '3.2.0' ],
38 silly audit   'fd-slicer': [ '1.1.0' ],
38 silly audit   fdir: [ '6.5.0' ],
38 silly audit   fflate: [ '0.8.3', '0.6.10' ],
38 silly audit   fsevents: [ '2.3.3' ],
38 silly audit   gensync: [ '1.0.0-beta.2' ],
38 silly audit   glob: [ '13.0.6' ],
38 silly audit   'glsl-noise': [ '0.0.0' ],
38 silly audit   'graceful-fs': [ '4.2.11' ],
38 silly audit   gsap: [ '3.15.0' ],
38 silly audit   'hls.js': [ '1.6.16' ],
38 silly audit   'iceberg-js': [ '0.8.1' ],
38 silly audit   ieee754: [ '1.2.1' ],
38 silly audit   immediate: [ '3.0.6' ],
38 silly audit   inherits: [ '2.0.4' ],
38 silly audit   ini: [ '4.1.3' ],
38 silly audit   'is-docker': [ '2.2.1' ],
38 silly audit   'is-fullwidth-code-point': [ '3.0.0' ],
38 silly audit   'is-promise': [ '2.2.2' ],
38 silly audit   'is-wsl': [ '2.2.0' ],
38 silly audit   isexe: [ '2.0.0' ],
38 silly audit   'its-fine': [ '2.0.0' ],
38 silly audit   'js-tokens': [ '4.0.0' ],
38 silly audit   jsesc: [ '3.1.0' ],
38 silly audit   json5: [ '2.2.3' ],
38 silly audit   jsonfile: [ '6.2.1' ],
38 silly audit   kleur: [ '4.1.5', '3.0.3' ],
38 silly audit   lie: [ '3.3.0' ],
38 silly audit   maath: [ '0.10.8' ],
38 silly audit   meshline: [ '3.3.1' ],
38 silly audit   meshoptimizer: [ '1.1.1' ],
38 silly audit   minimatch: [ '10.2.5' ],
38 silly audit   minipass: [ '7.1.3' ],
38 silly audit   minizlib: [ '3.1.0' ],
38 silly audit   ms: [ '2.1.3' ],
38 silly audit   nanoid: [ '3.3.12' ],
38 silly audit   'native-run': [ '2.0.3' ],
38 silly audit   'node-releases': [ '2.0.44' ],
38 silly audit   open: [ '8.4.2' ],
38 silly audit   'package-json-from-dist': [ '1.0.1' ],
38 silly audit   'path-key': [ '3.1.1' ],
38 silly audit   'path-scurry': [ '2.0.2' ],
38 silly audit   pend: [ '1.2.0' ],
38 silly audit   picocolors: [ '1.1.1' ],
38 silly audit   picomatch: [ '4.0.4' ],
38 silly audit   plist: [ '3.1.1' ],
38 silly audit   postcss: [ '8.5.14' ],
38 silly audit   potpack: [ '1.0.2' ],
38 silly audit   'promise-worker-transferable': [ '1.0.4' ],
38 silly audit   prompts: [ '2.4.2' ],
38 silly audit   react: [ '19.2.6' ],
38 silly audit   'react-dom': [ '19.2.6' ],
38 silly audit   'react-refresh': [ '0.14.2' ],
38 silly audit   'react-use-measure': [ '2.1.7' ],
38 silly audit   'readable-stream': [ '3.6.2' ],
38 silly audit   'require-from-string': [ '2.0.2' ],
38 silly audit   rimraf: [ '6.1.3' ],
38 silly audit   rollup: [ '4.60.4' ],
38 silly audit   'safe-buffer': [ '5.2.1' ],
38 silly audit   sax: [ '1.1.4' ],
38 silly audit   scheduler: [ '0.27.0' ],
38 silly audit   'shebang-command': [ '2.0.0' ],
38 silly audit   'shebang-regex': [ '3.0.0' ],
38 silly audit   'signal-exit': [ '3.0.7' ],
38 silly audit   sisteransi: [ '1.0.5' ],
38 silly audit   'slice-ansi': [ '4.0.0' ],
38 silly audit   'source-map-js': [ '1.2.1' ],
38 silly audit   split2: [ '4.2.0' ],
38 silly audit   'stats-gl': [ '2.4.2' ],
38 silly audit   three: [ '0.170.0', '0.184.0' ],
38 silly audit   'stats.js': [ '0.17.0' ],
38 silly audit   string_decoder: [ '1.3.0' ],
38 silly audit   'string-width': [ '4.2.3' ],
38 silly audit   'strip-ansi': [ '6.0.1' ],
38 silly audit   'suspend-react': [ '0.1.3' ],
38 silly audit   tar: [ '7.5.15' ],
38 silly audit   'three-mesh-bvh': [ '0.8.3' ],
38 silly audit   'three-stdlib': [ '2.36.1' ],
38 silly audit   through2: [ '4.0.2' ],
38 silly audit   tinyglobby: [ '0.2.16' ],
38 silly audit   'tree-kill': [ '1.2.2' ],
38 silly audit   'troika-three-text': [ '0.52.4' ],
38 silly audit   'troika-three-utils': [ '0.52.4' ],
38 silly audit   'troika-worker-utils': [ '0.52.0' ],
38 silly audit   tslib: [ '2.8.1' ],
38 silly audit   'tunnel-rat': [ '0.1.2' ],
38 silly audit   zustand: [ '4.5.7', '5.0.13' ],
38 silly audit   typescript: [ '6.0.3' ],
38 silly audit   'undici-types': [ '7.24.6' ],
38 silly audit   universalify: [ '2.0.1' ],
38 silly audit   untildify: [ '4.0.0' ],
38 silly audit   'update-browserslist-db': [ '1.2.3' ],
38 silly audit   'use-sync-external-store': [ '1.6.0' ],
38 silly audit   'util-deprecate': [ '1.0.2' ],
38 silly audit   'utility-types': [ '3.11.0' ],
38 silly audit   vite: [ '6.4.2' ],
38 silly audit   'webgl-constants': [ '1.1.1' ],
38 silly audit   'webgl-sdf-generator': [ '1.1.1' ],
38 silly audit   which: [ '2.0.2' ],
38 silly audit   'wrap-ansi': [ '7.0.0' ],
38 silly audit   xml2js: [ '0.6.2' ],
38 silly audit   xmlbuilder: [ '11.0.1', '15.1.1' ],
38 silly audit   yauzl: [ '2.10.0' ],
38 silly audit   lenis: [ '1.3.23' ]
38 silly audit }
39 http cache lenis@https://registry.npmjs.org/lenis/-/lenis-1.3.23.tgz 0ms (cache hit)
40 silly tarball no local data for lenis@https://registry.npmjs.org/lenis/-/lenis-1.3.23.tgz. Extracting by manifest.
41 http fetch GET 200 https://registry.npmjs.org/lenis/-/lenis-1.3.23.tgz 110ms (cache miss)
42 http fetch POST 200 https://registry.npmjs.org/-/npm/v1/security/advisories/bulk 271ms
43 silly audit report {}
44 silly ADD node_modules/lenis
45 verbose cwd /Users/ahmede/Desktop/urlf-up
46 verbose os Darwin 24.6.0
47 verbose node v26.0.0
48 verbose npm  v11.12.1
49 notice
49 notice New minor version of npm available! 11.12.1 -> 11.14.1
49 notice Changelog: https://github.com/npm/cli/releases/tag/v11.14.1
49 notice To update run: npm install -g npm@11.14.1
49 notice  { force: true, Symbol(proc-log.meta): true }
50 verbose exit 0
51 info ok
